{
  "timestamp": "2026-03-05T15:16:44.053Z",
  "request": {
    "method": "GET",
    "url": "/api/test",
    "headers": {
      "host": "localhost:3000",
      "user-agent": "curl/8.7.1",
      "accept": "*/*"
    }
  },
  "response": {
    "statusCode": 200,
    "duration": "2ms"
  }
}
--------------------------------------------------------------------------------
{
  "timestamp": "2026-03-05T15:16:44.053Z",
  "request": {
    "method": "GET",
    "url": "/api/test",
    "headers": {
      "host": "localhost:3000",
      "user-agent": "curl/8.7.1",
      "accept": "*/*"
    }
  },
  "response": {
    "statusCode": 200,
    "duration": "3ms"
  }
}
--------------------------------------------------------------------------------
{
  "timestamp": "2026-03-05T21:11:12.645Z",
  "request": {
    "method": "POST",
    "url": "/api/users/register",
    "headers": {
      "host": "localhost:3000",
      "connection": "keep-alive",
      "content-length": "127",
      "sec-ch-ua-platform": "\"macOS\"",
      "user-agent": "Mozilla/5.0 (Macintosh; Intel Mac OS X 10_15_7) AppleWebKit/537.36 (KHTML, like Gecko) Chrome/145.0.0.0 Safari/537.36",
      "accept": "application/json, text/plain, */*",
      "sec-ch-ua": "\"Not:A-Brand\";v=\"99\", \"Google Chrome\";v=\"145\", \"Chromium\";v=\"145\"",
      "content-type": "application/json",
      "sec-ch-ua-mobile": "?0",
      "origin": "http://localhost:4200",
      "sec-fetch-site": "same-site",
      "sec-fetch-mode": "cors",
      "sec-fetch-dest": "empty",
      "referer": "http://localhost:4200/",
      "accept-encoding": "gzip, deflate, br, zstd",
      "accept-language": "en-GB,en-US;q=0.9,en;q=0.8,fr;q=0.7",
      "cookie": "[MASQUÉ]"
    }
  },
  "response": {
    "statusCode": 201,
    "duration": "80ms"
  }
}
--------------------------------------------------------------------------------
{
  "timestamp": "2026-03-05T21:11:12.645Z",
  "request": {
    "method": "POST",
    "url": "/api/users/register",
    "headers": {
      "host": "localhost:3000",
      "connection": "keep-alive",
      "content-length": "127",
      "sec-ch-ua-platform": "\"macOS\"",
      "user-agent": "Mozilla/5.0 (Macintosh; Intel Mac OS X 10_15_7) AppleWebKit/537.36 (KHTML, like Gecko) Chrome/145.0.0.0 Safari/537.36",
      "accept": "application/json, text/plain, */*",
      "sec-ch-ua": "\"Not:A-Brand\";v=\"99\", \"Google Chrome\";v=\"145\", \"Chromium\";v=\"145\"",
      "content-type": "application/json",
      "sec-ch-ua-mobile": "?0",
      "origin": "http://localhost:4200",
      "sec-fetch-site": "same-site",
      "sec-fetch-mode": "cors",
      "sec-fetch-dest": "empty",
      "referer": "http://localhost:4200/",
      "accept-encoding": "gzip, deflate, br, zstd",
      "accept-language": "en-GB,en-US;q=0.9,en;q=0.8,fr;q=0.7",
      "cookie": "[MASQUÉ]"
    }
  },
  "response": {
    "statusCode": 201,
    "duration": "81ms"
  }
}
--------------------------------------------------------------------------------
{
  "timestamp": "2026-03-05T21:11:31.980Z",
  "request": {
    "method": "POST",
    "url": "/api/users/login",
    "headers": {
      "host": "localhost:3000",
      "connection": "keep-alive",
      "content-length": "50",
      "sec-ch-ua-platform": "\"macOS\"",
      "user-agent": "Mozilla/5.0 (Macintosh; Intel Mac OS X 10_15_7) AppleWebKit/537.36 (KHTML, like Gecko) Chrome/145.0.0.0 Safari/537.36",
      "accept": "application/json, text/plain, */*",
      "sec-ch-ua": "\"Not:A-Brand\";v=\"99\", \"Google Chrome\";v=\"145\", \"Chromium\";v=\"145\"",
      "content-type": "application/json",
      "sec-ch-ua-mobile": "?0",
      "origin": "http://localhost:4200",
      "sec-fetch-site": "same-site",
      "sec-fetch-mode": "cors",
      "sec-fetch-dest": "empty",
      "referer": "http://localhost:4200/",
      "accept-encoding": "gzip, deflate, br, zstd",
      "accept-language": "en-GB,en-US;q=0.9,en;q=0.8,fr;q=0.7",
      "cookie": "[MASQUÉ]"
    }
  },
  "response": {
    "statusCode": 200,
    "duration": "73ms"
  }
}
--------------------------------------------------------------------------------
{
  "timestamp": "2026-03-05T21:11:31.980Z",
  "request": {
    "method": "POST",
    "url": "/api/users/login",
    "headers": {
      "host": "localhost:3000",
      "connection": "keep-alive",
      "content-length": "50",
      "sec-ch-ua-platform": "\"macOS\"",
      "user-agent": "Mozilla/5.0 (Macintosh; Intel Mac OS X 10_15_7) AppleWebKit/537.36 (KHTML, like Gecko) Chrome/145.0.0.0 Safari/537.36",
      "accept": "application/json, text/plain, */*",
      "sec-ch-ua": "\"Not:A-Brand\";v=\"99\", \"Google Chrome\";v=\"145\", \"Chromium\";v=\"145\"",
      "content-type": "application/json",
      "sec-ch-ua-mobile": "?0",
      "origin": "http://localhost:4200",
      "sec-fetch-site": "same-site",
      "sec-fetch-mode": "cors",
      "sec-fetch-dest": "empty",
      "referer": "http://localhost:4200/",
      "accept-encoding": "gzip, deflate, br, zstd",
      "accept-language": "en-GB,en-US;q=0.9,en;q=0.8,fr;q=0.7",
      "cookie": "[MASQUÉ]"
    }
  },
  "response": {
    "statusCode": 200,
    "duration": "73ms"
  }
}
--------------------------------------------------------------------------------
